[+] Setting up KernelSU-Next...
[+] Repository cloned.
No local changes to save
[-] Stashed current changes.
Already up to date.
[+] Repository updated.
Your branch is up to date with 'origin/legacy'.
[-] Checked out legacy.
[+] Symlink created.
[+] Modified Makefile.
[+] Modified Kconfig.
[+] Done.
make[1]: Entering directory '/root/main/out'
  HOSTCC  scripts/basic/fixdep
  GEN     ./Makefile
  HOSTCC  scripts/kconfig/conf.o
  YACC    scripts/kconfig/zconf.tab.c
  LEX     scripts/kconfig/zconf.lex.c
  HOSTCC  scripts/kconfig/zconf.tab.o
  HOSTLD  scripts/kconfig/conf
#
# configuration written to .config
#
make[1]: Leaving directory '/root/main/out'
make[1]: Entering directory '/root/main/out'
  HOSTCC  scripts/basic/fixdep
  GEN     ./Makefile
  HOSTCC  scripts/kconfig/conf.o
  HOSTCC  scripts/kconfig/zconf.tab.o
  HOSTLD  scripts/kconfig/conf
scripts/kconfig/conf  --syncconfig Kconfig
*
* Restart config...
*
*
* Kernel Features
*
Page size
> 1. 4KB (ARM64_4K_PAGES)
  2. 16KB (ARM64_16K_PAGES)
  3. 64KB (ARM64_64K_PAGES)
choice[1-3?]: 1
Virtual address space size
> 1. 39-bit (ARM64_VA_BITS_39)
  2. 48-bit (ARM64_VA_BITS_48)
choice[1-2?]: 1
Physical address space size
> 1. 48-bit (ARM64_PA_BITS_48)
choice[1]: 1
Build big-endian kernel (CPU_BIG_ENDIAN) [N/y/?] n
Multi-core scheduler support (SCHED_MC) [Y/n/?] y
SMT scheduler support (SCHED_SMT) [N/y/?] n
Maximum number of CPUs (2-4096) (NR_CPUS) [8] 8
Support for hot-pluggable CPUs (HOTPLUG_CPU) [Y/?] y
Number of GPIOs in the system (ARCH_NR_GPIO) [1280] 1280
Numa Memory Allocation and Scheduler Support (NUMA) [N/y/?] n
Timer frequency
  1. 100 HZ (HZ_100)
  2. 250 HZ (HZ_250)
> 3. 300 HZ (HZ_300)
  4. 1000 HZ (HZ_1000)
choice[1-4?]: 3
ARM64 DMA iommu integration (ARM64_DMA_USE_IOMMU) [Y/?] y
  Maximum PAGE_SIZE order of alignment for DMA IOMMU buffers (ARM64_DMA_IOMMU_ALIGNMENT) [9] 9
ARM64 DMA iommu integration (ARM64_DMA_USE_IOMMU) [Y/?] y
  Maximum PAGE_SIZE order of alignment for DMA IOMMU buffers (ARM64_DMA_IOMMU_ALIGNMENT) [9] 9
Enable seccomp to safely compute untrusted bytecode (SECCOMP) [Y/n/?] y
Enable paravirtualization code (PARAVIRT) [N/y/?] n
Paravirtual steal time accounting (PARAVIRT_TIME_ACCOUNTING) [N/y/?] n
kexec system call (KEXEC) [N/y/?] n
Build kdump crash kernel (CRASH_DUMP) [N/y/?] n
Xen guest support on ARM64 (XEN) [N/y/?] n
OKL4 Hypervisor guest support (OKL4_GUEST) [N/y/?] n
Unmap kernel when running in userspace (aka "KAISER") (UNMAP_KERNEL_AT_EL0) [N/y/?] n
Harden the branch predictor against aliasing attacks (HARDEN_BRANCH_PREDICTOR) [Y/n/?] y
Harden EL2 vector mapping against system register leak (HARDEN_EL2_VECTORS) [Y/n/?] y
Speculative Store Bypass Disable (ARM64_SSBD) [N/y/?] n
Enable debug option to print kernel virtual memory layout (PRINT_VMEMLAYOUT) [N/y/?] n
Enable the tagged user addresses syscall ABI (ARM64_TAGGED_ADDR_ABI) [Y/n/?] y
Enable vDSO for 32-bit applications (COMPAT_VDSO) [Y/n/?] (NEW) 
Mitigate Spectre style attacks against branch history (MITIGATE_SPECTRE_BRANCH_HISTORY) [Y/n/?] y
Emulate Privileged Access Never using TTBR0_EL1 switching (ARM64_SW_TTBR0_PAN) [Y/n/?] y
ARM Scalable Vector Extension support (ARM64_SVE) [Y/n/?] y
Randomize the address of the kernel image (RANDOMIZE_BASE) [Y/n/?] y
  Randomize the module region over a 4 GB range (RANDOMIZE_MODULE_REGION_FULL) [Y/n/?] y
*
* General architecture-dependent options
*
Kprobes (KPROBES) [N/y/?] n
Optimize very unlikely/likely branches (JUMP_LABEL) [Y/n/?] y
  Static key selftest (STATIC_KEYS_SELFTEST) [N/y/?] n
Stack Protector buffer overflow detection (STACKPROTECTOR) [Y/n/?] y
  Strong Stack Protector (STACKPROTECTOR_STRONG) [Y/n/?] y
Link-Time Optimization (LTO) (EXPERIMENTAL)
> 1. None (LTO_NONE)
  2. Use clang Link Time Optimization (LTO) (EXPERIMENTAL) (LTO_CLANG) (NEW)
choice[1-2?]: 
Clang Shadow Call Stack (SHADOW_CALL_STACK) [N/y/?] (NEW) 
Number of bits to use for ASLR of mmap base address (ARCH_MMAP_RND_BITS) [18] 18
Number of bits to use for ASLR of mmap base address for compatible applications (ARCH_MMAP_RND_COMPAT_BITS) [11] 11
Use a virtually-mapped stack (VMAP_STACK) [Y/n/?] y
Perform full reference count validation at the expense of speed (REFCOUNT_FULL) [Y/?] y
Kernel panic on refcount error detection (PANIC_ON_REFCOUNT_ERROR) [Y/n/?] y
Use RELR relocation packing (RELR) [Y/n/?] (NEW) 
  GEN     ./Makefile
  WRAP    arch/arm64/include/generated/uapi/asm/errno.h
  WRAP    arch/arm64/include/generated/uapi/asm/ioctl.h
  WRAP    arch/arm64/include/generated/uapi/asm/ioctls.h
  WRAP    arch/arm64/include/generated/uapi/asm/ipcbuf.h
  WRAP    arch/arm64/include/generated/uapi/asm/kvm_para.h
  WRAP    arch/arm64/include/generated/uapi/asm/mman.h
  WRAP    arch/arm64/include/generated/uapi/asm/msgbuf.h
  WRAP    arch/arm64/include/generated/uapi/asm/poll.h
  WRAP    arch/arm64/include/generated/uapi/asm/resource.h
  WRAP    arch/arm64/include/generated/uapi/asm/sembuf.h
  WRAP    arch/arm64/include/generated/uapi/asm/shmbuf.h
  WRAP    arch/arm64/include/generated/uapi/asm/socket.h
  WRAP    arch/arm64/include/generated/uapi/asm/sockios.h
  WRAP    arch/arm64/include/generated/uapi/asm/swab.h
  WRAP    arch/arm64/include/generated/uapi/asm/termbits.h
  WRAP    arch/arm64/include/generated/uapi/asm/termios.h
  WRAP    arch/arm64/include/generated/uapi/asm/types.h
  UPD     include/generated/uapi/linux/version.h
-- KDIR: 
-- MDIR: /root/main/KernelSU-Next/kernel
-- KernelSU-Next version: 32860
-- KernelSU-Next tag: v3.0.0
-- KernelSU-Next Manager signature size: 0x3e6
-- KernelSU-Next Manager signature hash: 79e590113c4c4c0c222978e413a5faa801666957b1212a328e46c00c69821bf7
-- KernelSU: Hook mode: Manual
  WRAP    arch/arm64/include/generated/asm/bugs.h
  WRAP    arch/arm64/include/generated/asm/delay.h
  WRAP    arch/arm64/include/generated/asm/div64.h
  WRAP    arch/arm64/include/generated/asm/dma.h
  WRAP    arch/arm64/include/generated/asm/dma-contiguous.h
  WRAP    arch/arm64/include/generated/asm/early_ioremap.h
  WRAP    arch/arm64/include/generated/asm/emergency-restart.h
  WRAP    arch/arm64/include/generated/asm/hw_irq.h
  WRAP    arch/arm64/include/generated/asm/irq_regs.h
  WRAP    arch/arm64/include/generated/asm/kdebug.h
  WRAP    arch/arm64/include/generated/asm/kmap_types.h
  WRAP    arch/arm64/include/generated/asm/local.h
  WRAP    arch/arm64/include/generated/asm/local64.h
  WRAP    arch/arm64/include/generated/asm/mcs_spinlock.h
  WRAP    arch/arm64/include/generated/asm/mm-arch-hooks.h
  WRAP    arch/arm64/include/generated/asm/msi.h
  WRAP    arch/arm64/include/generated/asm/preempt.h
  WRAP    arch/arm64/include/generated/asm/qrwlock.h
  WRAP    arch/arm64/include/generated/asm/qspinlock.h
  WRAP    arch/arm64/include/generated/asm/rwsem.h
  WRAP    arch/arm64/include/generated/asm/segment.h
  WRAP    arch/arm64/include/generated/asm/serial.h
  WRAP    arch/arm64/include/generated/asm/set_memory.h
  WRAP    arch/arm64/include/generated/asm/sizes.h
  WRAP    arch/arm64/include/generated/asm/switch_to.h
  WRAP    arch/arm64/include/generated/asm/trace_clock.h
  WRAP    arch/arm64/include/generated/asm/unaligned.h
  WRAP    arch/arm64/include/generated/asm/user.h
  WRAP    arch/arm64/include/generated/asm/vga.h
  WRAP    arch/arm64/include/generated/asm/xor.h
  HOSTCC  scripts/dtc/dtc.o
  HOSTCC  scripts/genksyms/genksyms.o
  HOSTCC  scripts/dtc/flattree.o
  YACC    scripts/genksyms/parse.tab.c
  HOSTCC  scripts/dtc/fstree.o
  HOSTCC  scripts/dtc/data.o
  LEX     scripts/genksyms/lex.lex.c
  YACC    scripts/genksyms/parse.tab.h
  HOSTCC  scripts/dtc/livetree.o
  HOSTCC  scripts/genksyms/parse.tab.o
  HOSTCC  scripts/dtc/treesource.o
  HOSTCC  scripts/genksyms/lex.lex.o
  HOSTCC  scripts/dtc/srcpos.o
  HOSTCC  scripts/dtc/checks.o
  HOSTLD  scripts/genksyms/genksyms
  HOSTCC  scripts/dtc/util.o
  CC      scripts/mod/empty.o
  LEX     scripts/dtc/dtc-lexer.lex.c
  HOSTCC  scripts/mod/mk_elfconfig
  YACC    scripts/dtc/dtc-parser.tab.h
  CC      scripts/mod/devicetable-offsets.s
  MKELF   scripts/mod/elfconfig.h
  HOSTCC  scripts/mod/modpost.o
  YACC    scripts/dtc/dtc-parser.tab.c
  HOSTCC  scripts/dtc/dtc-lexer.lex.o
  HOSTCC  scripts/selinux/genheaders/genheaders
  HOSTCC  scripts/dtc/dtc-parser.tab.o
  HOSTCC  scripts/selinux/mdp/mdp
  UPD     scripts/mod/devicetable-offsets.h
  HOSTCC  scripts/mod/sumversion.o
  HOSTCC  scripts/bin2c
  HOSTLD  scripts/dtc/dtc
  HOSTCC  scripts/kallsyms
  HOSTCC  scripts/mod/file2alias.o
  HOSTCC  scripts/sortextable
  HOSTCC  scripts/asn1_compiler
  HOSTCC  scripts/extract-cert
  HOSTLD  scripts/mod/modpost
  UPD     include/config/kernel.release
  Using .. as source for kernel
  UPD     include/generated/utsrelease.h
  CC      kernel/bounds.s
  UPD     include/generated/timeconst.h
  UPD     include/generated/bounds.h
  CC      arch/arm64/kernel/asm-offsets.s
  UPD     include/generated/asm-offsets.h
  CALL    ../scripts/checksyscalls.sh
  LDS     arch/arm64/kernel/vdso/vdso.lds
  CC      arch/arm64/kernel/vdso/vgettimeofday.o
  AS      arch/arm64/kernel/vdso/note.o
  AS      arch/arm64/kernel/vdso/sigreturn.o
  LD      arch/arm64/kernel/vdso/vdso.so.dbg
  VDSOSYM include/generated/vdso-offsets.h
  LDS     arch/arm64/kernel/vdso32/vdso.lds
  CC32    arch/arm64/kernel/vdso32/note.o
  CC32    arch/arm64/kernel/vdso32/vgettimeofday.o
  AS32    arch/arm64/kernel/vdso32/sigreturn.o
  HOSTCC  arch/arm64/kernel/vdso32/../../../arm/vdso/vdsomunge
  LD32    arch/arm64/kernel/vdso32/vdso.so.raw
  MUNGE   arch/arm64/kernel/vdso32/vdso.so.dbg
  VDSOSYM include/generated/vdso32-offsets.h
  CHK     include/generated/compile.h
  CC      init/main.o
  CC      init/do_mounts.o
  HOSTCC  usr/gen_init_cpio
  UPD     include/generated/compile.h
  CC      arch/arm64/kernel/probes/uprobes.o
  GEN     usr/initramfs_data.cpio
  AS      usr/initramfs_data.o
  AR      usr/built-in.a
  OBJCOPY arch/arm64/kernel/vdso/vdso.so
  AS      arch/arm64/kernel/vdso/vdso.o
  AR      arch/arm64/kernel/vdso/built-in.a
  CC      arch/arm64/mm/dma-mapping.o
  CC      arch/arm64/kernel/probes/decode-insn.o
  CC      arch/arm64/kernel/probes/simulate-insn.o
  AR      arch/arm64/kernel/probes/built-in.a
  CC      arch/arm64/net/bpf_jit_comp.o
  CC      arch/arm64/mm/extable.o
  CC      init/do_mounts_rd.o
  OBJCOPY arch/arm64/kernel/vdso32/vdso.so
  CC      arch/arm64/mm/fault.o
  AS      arch/arm64/kernel/vdso32/vdso.o
  AR      arch/arm64/kernel/vdso32/built-in.a
  CC      arch/arm64/kernel/debug-monitors.o
  CC      init/do_mounts_initrd.o
  AS      arch/arm64/kernel/entry.o
  AR      arch/arm64/net/built-in.a
  CC      arch/arm64/mm/init.o
  CC      arch/arm64/crypto/sha1-ce-glue.o
  CC      arch/arm64/kernel/irq.o
  CC      init/do_mounts_dm.o
  AS      arch/arm64/crypto/sha1-ce-core.o
  CC      arch/arm64/crypto/sha2-ce-glue.o
  CC      arch/arm64/kernel/fpsimd.o
  CC      init/noinitramfs.o
  AS      arch/arm64/mm/cache.o
  CC      arch/arm64/mm/copypage.o
  AS      arch/arm64/crypto/sha2-ce-core.o
  CC      arch/arm64/crypto/ghash-ce-glue.o
  CC      init/initramfs.o
  AS      arch/arm64/kernel/entry-fpsimd.o
  CC      arch/arm64/mm/flush.o
  AS      arch/arm64/crypto/ghash-ce-core.o
  CC      arch/arm64/kernel/process.o
  AS      arch/arm64/crypto/aes-ce-core.o
  CC      arch/arm64/crypto/aes-ce-glue.o
  CC      init/calibrate.o
  CC      init/init_task.o
  CC      arch/arm64/mm/ioremap.o
  CC      arch/arm64/crypto/aes-ce-ccm-glue.o
  CC      arch/arm64/mm/mmap.o
  CC      arch/arm64/kernel/ptrace.o
  CC      init/version.o
  AS      arch/arm64/crypto/aes-ce-ccm-core.o
  CC      arch/arm64/crypto/aes-glue-ce.o
